0
1
1
2
3
5
8
31.000000
93.000000
421.000000
415.000000
638.000000
3501.000000
9314.000000
51821.000000
53116.000000