  ____________________________
 /\  /\  /\  /\  /\  /\  /\  /\
/__\/__\/__\/__\/__\/__\/__\/__\